length of ahoj plus ASCII value of char h is: 108
