substring of foobar from 2. position 1 char long is: o
