substring of foobar from 2. position 2 chars long is: ob
